<html>
<body>
<pre>
<h1>µVision Build Log</h1>
<h2>Project:</h2>
E:\Embedded systems (Quest)\Quest project\IoT based weather monitoring sys\Controller Code\ARM_Code\temp_humi_interfacing.uvproj
Project File Date:  05/15/2024

<h2>Output:</h2>
Build target 'Target 1'
assembling Startup.s...
compiling temp_humi_interfacing.c...
linking...
Program Size: Code=3384 RO-data=32 RW-data=4 ZI-data=1260  
FromELF: creating hex file...
"temp_humi_interfacing.axf" - 0 Error(s), 0 Warning(s).
Build target 'Target 1'
assembling Startup.s...
compiling temp_humi_interfacing.c...
linking...
Program Size: Code=3388 RO-data=32 RW-data=4 ZI-data=1260  
FromELF: creating hex file...
"temp_humi_interfacing.axf" - 0 Error(s), 0 Warning(s).
Build target 'Target 1'
assembling Startup.s...
compiling temp_humi_interfacing.c...
linking...
Program Size: Code=3384 RO-data=32 RW-data=4 ZI-data=1260  
FromELF: creating hex file...
"temp_humi_interfacing.axf" - 0 Error(s), 0 Warning(s).
Build target 'Target 1'
assembling Startup.s...
compiling temp_humi_interfacing.c...
linking...
Program Size: Code=3384 RO-data=32 RW-data=4 ZI-data=1260  
FromELF: creating hex file...
"temp_humi_interfacing.axf" - 0 Error(s), 0 Warning(s).
Build target 'Target 1'
assembling Startup.s...
compiling temp_humi_interfacing.c...
linking...
Program Size: Code=3384 RO-data=32 RW-data=4 ZI-data=1260  
FromELF: creating hex file...
"temp_humi_interfacing.axf" - 0 Error(s), 0 Warning(s).
Build target 'Target 1'
assembling Startup.s...
compiling temp_humi_interfacing.c...
linking...
Program Size: Code=3384 RO-data=32 RW-data=4 ZI-data=1260  
FromELF: creating hex file...
"temp_humi_interfacing.axf" - 0 Error(s), 0 Warning(s).
Build target 'Target 1'
assembling Startup.s...
compiling temp_humi_interfacing.c...
linking...
Program Size: Code=3380 RO-data=32 RW-data=4 ZI-data=1260  
FromELF: creating hex file...
"temp_humi_interfacing.axf" - 0 Error(s), 0 Warning(s).
Build target 'Target 1'
assembling Startup.s...
compiling temp_humi_interfacing.c...
linking...
Program Size: Code=3396 RO-data=32 RW-data=4 ZI-data=1260  
FromELF: creating hex file...
"temp_humi_interfacing.axf" - 0 Error(s), 0 Warning(s).
Build target 'Target 1'
assembling Startup.s...
compiling temp_humi_interfacing.c...
linking...
Program Size: Code=3384 RO-data=32 RW-data=4 ZI-data=1260  
FromELF: creating hex file...
"temp_humi_interfacing.axf" - 0 Error(s), 0 Warning(s).
Build target 'Target 1'
assembling Startup.s...
compiling temp_humi_interfacing.c...
linking...
Program Size: Code=3384 RO-data=32 RW-data=4 ZI-data=1260  
FromELF: creating hex file...
"temp_humi_interfacing.axf" - 0 Error(s), 0 Warning(s).
Build target 'Target 1'
assembling Startup.s...
compiling temp_humi_interfacing.c...
linking...
Program Size: Code=3656 RO-data=32 RW-data=4 ZI-data=1260  
FromELF: creating hex file...
"temp_humi_interfacing.axf" - 0 Error(s), 0 Warning(s).
Build target 'Target 1'
assembling Startup.s...
compiling temp_humi_interfacing.c...
linking...
Program Size: Code=3636 RO-data=32 RW-data=4 ZI-data=1260  
FromELF: creating hex file...
"temp_humi_interfacing.axf" - 0 Error(s), 0 Warning(s).
Build target 'Target 1'
assembling Startup.s...
compiling temp_humi_interfacing.c...
linking...
Program Size: Code=3656 RO-data=32 RW-data=4 ZI-data=1260  
FromELF: creating hex file...
"temp_humi_interfacing.axf" - 0 Error(s), 0 Warning(s).
Build target 'Target 1'
assembling Startup.s...
compiling temp_humi_interfacing.c...
linking...
Program Size: Code=3656 RO-data=32 RW-data=4 ZI-data=1260  
FromELF: creating hex file...
"temp_humi_interfacing.axf" - 0 Error(s), 0 Warning(s).
Build target 'Target 1'
assembling Startup.s...
compiling temp_humi_interfacing.c...
linking...
Program Size: Code=3656 RO-data=32 RW-data=4 ZI-data=1260  
FromELF: creating hex file...
"temp_humi_interfacing.axf" - 0 Error(s), 0 Warning(s).
Build target 'Target 1'
assembling Startup.s...
compiling temp_humi_interfacing.c...
linking...
Program Size: Code=3636 RO-data=32 RW-data=4 ZI-data=1260  
FromELF: creating hex file...
"temp_humi_interfacing.axf" - 0 Error(s), 0 Warning(s).
Build target 'Target 1'
assembling Startup.s...
compiling temp_humi_interfacing.c...
linking...
Program Size: Code=3636 RO-data=32 RW-data=4 ZI-data=1260  
FromELF: creating hex file...
"temp_humi_interfacing.axf" - 0 Error(s), 0 Warning(s).
Build target 'Target 1'
assembling Startup.s...
compiling temp_humi_interfacing.c...
linking...
Program Size: Code=3636 RO-data=32 RW-data=4 ZI-data=1260  
FromELF: creating hex file...
"temp_humi_interfacing.axf" - 0 Error(s), 0 Warning(s).
Build target 'Target 1'
assembling Startup.s...
compiling temp_humi_interfacing.c...
linking...
Program Size: Code=3644 RO-data=32 RW-data=4 ZI-data=1260  
FromELF: creating hex file...
"temp_humi_interfacing.axf" - 0 Error(s), 0 Warning(s).
Build target 'Target 1'
assembling Startup.s...
compiling temp_humi_interfacing.c...
linking...
Program Size: Code=3636 RO-data=32 RW-data=4 ZI-data=1260  
FromELF: creating hex file...
"temp_humi_interfacing.axf" - 0 Error(s), 0 Warning(s).
Build target 'Target 1'
assembling Startup.s...
compiling temp_humi_interfacing.c...
linking...
Program Size: Code=3616 RO-data=32 RW-data=4 ZI-data=1260  
FromELF: creating hex file...
"temp_humi_interfacing.axf" - 0 Error(s), 0 Warning(s).
Build target 'Target 1'
assembling Startup.s...
compiling temp_humi_interfacing.c...
linking...
Program Size: Code=3616 RO-data=32 RW-data=4 ZI-data=1260  
FromELF: creating hex file...
"temp_humi_interfacing.axf" - 0 Error(s), 0 Warning(s).
Build target 'Target 1'
assembling Startup.s...
compiling temp_humi_interfacing.c...
linking...
Program Size: Code=3632 RO-data=32 RW-data=4 ZI-data=1260  
FromELF: creating hex file...
"temp_humi_interfacing.axf" - 0 Error(s), 0 Warning(s).
Build target 'Target 1'
assembling Startup.s...
compiling temp_humi_interfacing.c...
linking...
Program Size: Code=3640 RO-data=32 RW-data=4 ZI-data=1260  
FromELF: creating hex file...
"temp_humi_interfacing.axf" - 0 Error(s), 0 Warning(s).
Build target 'Target 1'
assembling Startup.s...
compiling temp_humi_interfacing.c...
temp_humi_interfacing.c(201): warning:  #177-D: variable "temp_str" was declared but never referenced
temp_humi_interfacing.c(201): warning:  #177-D: variable "humi_str" was declared but never referenced
linking...
Program Size: Code=3564 RO-data=32 RW-data=4 ZI-data=1260  
FromELF: creating hex file...
"temp_humi_interfacing.axf" - 0 Error(s), 2 Warning(s).
Build target 'Target 1'
assembling Startup.s...
compiling temp_humi_interfacing.c...
temp_humi_interfacing.c(131): error:  #20: identifier "hr_val" is undefined
temp_humi_interfacing.c(131): error:  #20: identifier "min_val" is undefined
temp_humi_interfacing.c(201): warning:  #177-D: variable "temp_str" was declared but never referenced
temp_humi_interfacing.c(201): warning:  #177-D: variable "humi_str" was declared but never referenced
Target not created
Build target 'Target 1'
assembling Startup.s...
compiling temp_humi_interfacing.c...
temp_humi_interfacing.c(99): warning:  #177-D: variable "time_str" was declared but never referenced
temp_humi_interfacing.c(199): warning:  #177-D: variable "temp_str" was declared but never referenced
temp_humi_interfacing.c(199): warning:  #177-D: variable "humi_str" was declared but never referenced
linking...
Program Size: Code=3464 RO-data=32 RW-data=4 ZI-data=1260  
FromELF: creating hex file...
"temp_humi_interfacing.axf" - 0 Error(s), 3 Warning(s).
Build target 'Target 1'
assembling Startup.s...
compiling temp_humi_interfacing.c...
temp_humi_interfacing.c(99): warning:  #177-D: variable "time_str" was declared but never referenced
linking...
Program Size: Code=3464 RO-data=32 RW-data=4 ZI-data=1260  
FromELF: creating hex file...
"temp_humi_interfacing.axf" - 0 Error(s), 1 Warning(s).
Build target 'Target 1'
assembling Startup.s...
compiling temp_humi_interfacing.c...
linking...
Program Size: Code=3464 RO-data=32 RW-data=4 ZI-data=1260  
FromELF: creating hex file...
"temp_humi_interfacing.axf" - 0 Error(s), 0 Warning(s).
